{
    "url": "https:\/\/api.telegram.org\/bot3f3814e1-5836-3d77-904e-60f64b15df36\/setMessageReaction",
    "payload": {
        "chat_id": "-123456789",
        "message_id": 100,
        "reaction": "[{\"type\":\"custom_emoji\",\"emoji\":\"12312\"}]",
        "is_big": false
    },
    "files": []
}