{
    "url": "https:\/\/api.telegram.org\/bot3f3814e1-5836-3d77-904e-60f64b15df36\/answerPreCheckoutQuery",
    "payload": {
        "pre_checkout_query_id": 4123456,
        "ok": true,
        "error_message": "test error"
    },
    "files": []
}