{
    "url": "https:\/\/api.telegram.org\/bot3f3814e1-5836-3d77-904e-60f64b15df36\/refundStarPayment",
    "payload": {
        "user_id": "123456",
        "telegram_payment_charge_id": "payment_charge_id"
    },
    "files": []
}